// Jest Snapshot v1, https://goo.gl/fbAQLP

exports[`Empty ToDoList component Matches snapshot 1`] = `
<div
  className="MuiGrid-root MuiGrid-container MuiGrid-direction-xs-column"
>
  <div
    className="MuiBox-root MuiBox-root-1"
  >
    <p
      className="MuiTypography-root MuiTypography-h3 MuiTypography-colorPrimary MuiTypography-paragraph MuiTypography-alignCenter"
    >
      Your tasks
    </p>
    <div
      className="MuiPaper-root MuiPaper-elevation3 MuiPaper-rounded"
      style={
        Object {
          "width": "80%",
        }
      }
    >
      <ul
        className="MuiList-root MuiList-padding"
      >
        <div
          className="MuiBox-root MuiBox-root-2"
        >
          <img
            alt="No more tasks"
            src="empty.png"
            width="200"
          />
          <p
            className="MuiTypography-root MuiTypography-h3 MuiTypography-colorSecondary MuiTypography-paragraph MuiTypography-alignCenter"
          >
            You have no tasks left!
          </p>
        </div>
      </ul>
    </div>
  </div>
</div>
`;
