// Jest Snapshot v1, https://goo.gl/fbAQLP

exports[`ToDo component Matches snapshot 1`] = `
<div
  aria-disabled={false}
  className="MuiButtonBase-root MuiListItem-root MuiListItem-gutters MuiListItem-button Mui-selected"
  onBlur={[Function]}
  onDragLeave={[Function]}
  onFocus={[Function]}
  onKeyDown={[Function]}
  onKeyUp={[Function]}
  onMouseDown={[Function]}
  onMouseLeave={[Function]}
  onMouseUp={[Function]}
  onTouchEnd={[Function]}
  onTouchMove={[Function]}
  onTouchStart={[Function]}
  role="button"
  tabIndex={0}
>
  <div
    className="MuiListItemIcon-root"
  >
    <svg
      aria-hidden={true}
      className="MuiSvgIcon-root MuiSvgIcon-colorPrimary"
      focusable="false"
      viewBox="0 0 24 24"
    >
      <path
        d="M16.59 7.58L10 14.17l-3.59-3.58L5 12l5 5 8-8zM12 2C6.48 2 2 6.48 2 12s4.48 10 10 10 10-4.48 10-10S17.52 2 12 2zm0 18c-4.42 0-8-3.58-8-8s3.58-8 8-8 8 3.58 8 8-3.58 8-8 8z"
      />
    </svg>
  </div>
  <div
    className="MuiListItemText-root MuiListItemText-multiline"
    onClick={[Function]}
  >
    <span
      className="MuiTypography-root MuiListItemText-primary MuiTypography-body1 MuiTypography-displayBlock"
    >
      Give dog a bath
    </span>
    <p
      className="MuiTypography-root MuiListItemText-secondary MuiTypography-body2 MuiTypography-colorTextSecondary MuiTypography-displayBlock"
    >
      Due date: 2021-05-08
    </p>
  </div>
</div>
`;
